Terminal log file
Date: 2025-11-22 - 10:56:44
-----------------------------------------------

[witcheroo-control.serviceice.
[ce[0;1;39mxrdp-sesman.service[m - MakÔÇªte CUPS printers available locally.
[m  OK  nline.target] Stopped twork Manager Wait Online.
         Stopping hi-daemon.servicek...
         Stopping [[0m - Avahi mDNS/DNS-SD Stack.
[pped m  OK  session manager.
[OK   User sona.
         Stopping gind.serviceing 0...
[vice         Stopping Memory (OOM) Killer...
         Stopping sions...
         Stopping /run/user/1000...
[;1;39mrun-user-1000.mount32m  OK  erspace Out-Of-Memory (OOM) Killer.
[] Stopped nagement.
[md-user-sessions.service;32m  OK  ª  d target  OK  - User and Group Name Lookups.
[9mremote-fs.target
         Stopping Network Manager...
         Stopping nt.serviceStopped .
[viceK  tem.
[pre.target[0m] Stopped target [Scheduler.
[ath[m - Slice Units.
[;39muser.slice its.
[vahi-daemon.socketSocket.
[0m - CUPS Scheduler.
[snapd.socket[Secure Shell server socket.
[0;1;39msyslog.socketOf-Memory (OOM) Killer Socket.
[  tion socket.
[ysinit.targetncrypted Volumes.
[temd-ask-password-consoÔÇªtch.
[sword-wall.ÔÇª;32m  OK  ª[0;32m  OK  [0m - Local Verity Protected Volumes.
         Stopping  Additional Binary Formats...
         Stopping ystemd-resolved.service         Stopping etwork Time Synchronization...
         Stopping 1;39msystemd-update-utmp.serviÔÇªin UTMP...
[[0;1;39msystemd-resolved.servicen.
[ncd.service32m  OK  Set Up Additional Binary Formats.
[m] Unset automount ile System Automount Point.
[0;1;39msystemd-sysctl.serviceel Variables.
[d-modules-load.service[0;32m  OK  stem Boot/Shutdown in UTMP.
[ed te Volatile Files and Directories.
[pped target .
[.targetg          Unmounting napd\x2ddÔÇªounting  unit for bare, revision 5...
         Unmounting revision 2045...
         Unmounting .mount...
         Unmounting 36.mount         Unmounting ÔÇª unit for firefox, revision 7355...
         Unmounting eÔÇª         Unmounting er, revision 210...
         Unmounting msnap-gnome\x2d42\x2d220ÔÇª for gnome-42-2204, revision 202...
         Unmounting 9msnap-gtk\x2dcommon\x2dtÔÇª535...
         Unmounting dstore-1270ÔÇª         Unmounting [0m ÔÇªt unit for snapd, revision 25202...
         Unmounting .mount         Unmounting 0mesktop-integration, revision 315...
[0;1;39mboot-efi.mountoot/efi.
[eÔÇª for bare, revision 5.
[-2045.mount[
[mountm  OK  ªnt unit for firefox, revision 7355.
[ Unmounted ision 167.
[ revision 210.
[p-gnome\x2d42\x2d2204ÔÇª2.
[msnap-gtk\x2dcommon\x2dthÔÇª0;32m  OK  Çª0m] Unmounted  unit for snapd, revision 25577.
[nted tion, revision 315.
[d target s.
         Unmounting s.mountd by-uuid/01A1-271F.
[emoved slice e /system/systemd-fsck.
[d-ns.mountped target  Local File Systems.
[0;1;39mswap.target   Deactivating swap m - /swap.img...
[md-tmpfiles-setup-devÔÇª OK  ic Device Nodes in /dev gracefully.
[;32m  OK   /swap.img.
[umount.target unt Root and Kernel File Systems.
[hed target [0m - Late Shutdown Services.
[;32m  OK  .target[  256.740705] reboot: Restarting system
■EFI stub: Loaded initrd from LINUX_EFI_INITRD_MEDIA_GUID device path
EFI stub: Measured initrd data into PCR 9
[    0.000000] Linux version 6.14.0-32-generic (buildd@lcy02-amd64-047) (x86_64-linux-gnu-gcc-13 (Ubuntu 13.3.0-6ubuntu2~24.04) 13.3.0, GNU ld (GNU Binutils for Ubuntu) 2.42) #32~24.04.1-Ubuntu SMP PREEMPT_DYNAMIC Tue Sep  2 14:21:04 UTC 2 (Ubuntu 6.14.0-32.32~24.04.1-generic 6.14.11)
[    0.000000] Command line: BOOT_IMAGE=/boot/vmlinuz-6.14.0-32-generic root=UUID=c79413da-f42c-4e0a-b210-3b3bf47bd123 ro console=ttyS0,115200n8
[    0.000000] KERNEL supported cpus:
[    0.000000]   Intel GenuineIntel
[    0.000000]   AMD AuthenticAMD
[    0.000000]   Hygon HygonGenuine
[    0.000000]   Centaur CentaurHauls
[    0.000000]   zhaoxin   Shanghai  
[    0.000000] x86/split lock detection: #AC: crashing the kernel on kernel split_locks and warning on user-space split_locks
[    0.000000] BIOS-provided physical RAM map:
[    0.000000] BIOS-e820: [mem 0x0000000000000000-0x000000000009dfff] usable
[    0.000000] BIOS-e820: [mem 0x000000000009e000-0x000000000009efff] reserved
[    0.000000] BIOS-e820: [mem 0x000000000009f000-0x000000000009ffff] usable
[    0.000000] BIOS-e820: [mem 0x00000000000a0000-0x00000000000fffff] reserved
[    0.000000] BIOS-e820: [mem 0x0000000000100000-0x000000003a756fff] usable
[    0.000000] BIOS-e820: [mem 0x000000003a757000-0x000000003a757fff] reserved
[    0.000000] BIOS-e820: [mem 0x000000003a758000-0x000000003b192fff] usable
[    0.000000] BIOS-e820: [mem 0x000000003b193000-0x000000003b193fff] reserved
[    0.000000] BIOS-e820: [mem 0x000000003b194000-0x000000006e0d0fff] usable
[    0.000000] BIOS-e820: [mem 0x000000006e0d1000-0x00000000711d0fff] reserved
[    0.000000] BIOS-e820: [mem 0x00000000711d1000-0x00000000712b1fff] ACPI data
[    0.000000] BIOS-e820: [mem 0x00000000712b2000-0x0000000071371fff] ACPI NVS
[    0.000000] BIOS-e820: [mem 0x0000000071372000-0x0000000071ffefff] reserved
[    0.000000] BIOS-e820: [mem 0x0000000071fff000-0x0000000071ffffff] usable
[    0.000000] BIOS-e820: [mem 0x0000000072000000-0x0000000075ffffff] reserved
[    0.000000] BIOS-e820: [mem 0x0000000076600000-0x00000000767fffff] reserved
[    0.000000] BIOS-e820: [mem 0x0000000077000000-0x00000000807fffff] reserved
[    0.000000] BIOS-e820: [mem 0x00000000c0000000-0x00000000cfffffff] reserved
[    0.000000] BIOS-e820: [mem 0x00000000fe000000-0x00000000fe010fff] reserved
[    0.000000] BIOS-e820: [mem 0x00000000fec00000-0x00000000fec00fff] reserved
[    0.000000] BIOS-e820: [mem 0x00000000fed00000-0x00000000fed00fff] reserved
[    0.000000] BIOS-e820: [mem 0x00000000fed20000-0x00000000fed7ffff] reserved
[    0.000000] BIOS-e820: [mem 0x00000000fee00000-0x00000000fee00fff] reserved
[    0.000000] BIOS-e820: [mem 0x00000000ff000000-0x00000000ffffffff] reserved
[    0.000000] BIOS-e820: [mem 0x0000000100000000-0x000000027f7fffff] usable
[    0.000000] NX (Execute Disable) protection: active
[    0.000000] APIC: Static calls initialized
[    0.000000] efi: EFI v2.8 by American Megatrends
[    0.000000] efi: ACPI=0x7134e000 ACPI 2.0=0x7134e014 TPMFinalLog=0x7131d000 SMBIOS=0x71cb7000 SMBIOS 3.0=0x71cb6000 MEMATTR=0x69445018 ESRT=0x6a546998 MOKvar=0x71cf4000 INITRD=0x691e0698 TPMEventLog=0x711fa018 
[    0.000000] efi: Remove mem79: MMIO range=[0xc0000000-0xcfffffff] (256MB) from e820 map
[    0.000000] efi: Not removing mem80: MMIO range=[0xfe000000-0xfe010fff] (68KB) from e820 map
[    0.000000] efi: Not removing mem81: MMIO range=[0xfec00000-0xfec00fff] (4KB) from e820 map
[    0.000000] efi: Not removing mem82: MMIO range=[0xfed00000-0xfed00fff] (4KB) from e820 map
[    0.000000] efi: Not removing mem84: MMIO range=[0xfee00000-0xfee00fff] (4KB) from e820 map
[    0.000000] efi: Remove mem85: MMIO range=[0xff000000-0xffffffff] (16MB) from e820 map
[    0.000000] SMBIOS 3.5.0 present.
[    0.000000] DMI:  ADL-N/ADL-N, BIOS 5.27 03/12/2024
[    0.000000] DMI: Memory slots populated: 4/4
[    0.000000] secureboot: Secure boot disabled
[    0.000000] tsc: Detected 800.000 MHz processor
[    0.000000] tsc: Detected 806.400 MHz TSC
[    0.000405] last_pfn = 0x27f800 max_arch_pfn = 0x400000000
[    0.000412] total RAM covered: 14144M
[    0.000579]  gran_size: 64K 	chunk_size: 64K 	num_reg: 10  	lose cover RAM: 6G
[    0.000582]  gran_size: 64K 	chunk_size: 128K 	num_reg: 10  	lose cover RAM: 6G
[    0.000583]  gran_size: 64K 	chunk_size: 256K 	num_reg: 10  	lose cover RAM: 6G
[    0.000585]  gran_size: 64K 	chunk_size: 512K 	num_reg: 10  	lose cover RAM: 6G
[    0.000586]  gran_size: 64K 	chunk_size: 1M 	num_reg: 10  	lose cover RAM: 6G
[    0.000587]  gran_size: 64K 	chunk_size: 2M 	num_reg: 10  	lose cover RAM: 6G
[    0.000588]  gran_size: 64K 	chunk_size: 4M 	num_reg: 10  	lose cover RAM: 6G
[    0.000589]  gran_size: 64K 	chunk_size: 8M 	num_reg: 10  	lose cover RAM: 6G
[    0.000590]  gran_size: 64K 	chunk_size: 16M 	num_reg: 10  	lose cover RAM: 5888M
[    0.000592]  gran_size: 64K 	chunk_size: 32M 	num_reg: 10  	lose cover RAM: 5888M
[    0.000593]  gran_size: 64K 	chunk_size: 64M 	num_reg: 10  	lose cover RAM: 5888M
[    0.000594]  gran_size: 64K 	chunk_size: 128M 	num_reg: 10  	lose cover RAM: 5888M
[    0.000595]  gran_size: 64K 	chunk_size: 256M 	num_reg: 10  	lose cover RAM: 5G
[    0.000596]  gran_size: 64K 	chunk_size: 512M 	num_reg: 10  	lose cover RAM: 5G
[    0.000597]  gran_size: 64K 	chunk_size: 1G 	num_reg: 10  	lose cover RAM: 5G
[    0.000598]  gran_size: 64K 	chunk_size: 2G 	num_reg: 10  	lose cover RAM: 5G
[    0.000600]  gran_size: 128K 	chunk_size: 128K 	num_reg: 10  	lose cover RAM: 6G
[    0.000601]  gran_size: 128K 	chunk_size: 256K 	num_reg: 10  	lose cover RAM: 6G
[    0.000602]  gran_size: 128K 	chunk_size: 512K 	num_reg: 10  	lose cover RAM: 6G
[    0.000603]  gran_size: 128K 	chunk_size: 1M 	num_reg: 10  	lose cover RAM: 6G
[    0.000604]  gran_size: 128K 	chunk_size: 2M 	num_reg: 10  	lose cover RAM: 6G
[    0.000605]  gran_size: 128K 	chunk_size: 4M 	num_reg: 10  	lose cover RAM: 6G
[    0.000606]  gran_size: 128K 	chunk_size: 8M 	num_reg: 10  	lose cover RAM: 6G
[    0.000607]  gran_size: 128K 	chunk_size: 16M 	num_reg: 10  	lose cover RAM: 5888M
[    0.000609]  gran_size: 128K 	chunk_size: 32M 	num_reg: 10  	lose cover RAM: 5888M
[    0.000610]  gran_size: 128K 	chunk_size: 64M 	num_reg: 10  	lose cover RAM: 5888M
[    0.000611]  gran_size: 128K 	chunk_size: 128M 	num_reg: 10  	lose cover RAM: 5888M
[    0.000612]  gran_size: 128K 	chunk_size: 256M 	num_reg: 10  	lose cover RAM: 5G
[    0.000613]  gran_size: 128K 	chunk_size: 512M 	num_reg: 10  	lose cover RAM: 5G
[    0.000614]  gran_size: 128K 	chunk_size: 1G 	num_reg: 10  	lose cover RAM: 5G
[    0.000615]  gran_size: 128K 	chunk_size: 2G 	num_reg: 10  	lose cover RAM: 5G
[    0.000617]  gran_size: 256K 	chunk_size: 256K 	num_reg: 10  	lose cover RAM: 6G
[    0.000618]  gran_size: 256K 	chunk_size: 512K 	num_reg: 10  	lose cover RAM: 6G
[    0.000619]  gran_size: 256K 	chunk_size: 1M 	num_reg: 10  	lose cover RAM: 6G
[    0.000620]  gran_size: 256K 	chunk_size: 2M 	num_reg: 10  	lose cover RAM: 6G
[    0.000621]  gran_size: 256K 	chunk_size: 4M 	num_reg: 10  	lose cover RAM: 6G
[    0.000622]  gran_size: 256K 	chunk_size: 8M 	num_reg: 10  	lose cover RAM: 6G
[    0.000623]  gran_size: 256K 	chunk_size: 16M 	num_reg: 10  	lose cover RAM: 5888M
[    0.000624]  gran_size: 256K 	chunk_size: 32M 	num_reg: 10  	lose cover RAM: 5888M
[    0.000626]  gran_size: 256K 	chunk_size: 64M 	num_reg: 10  	lose cover RAM: 5888M
[    0.000627]  gran_size: 256K 	chunk_size: 128M 	num_reg: 10  	lose cover RAM: 5888M
[    0.000628]  gran_size: 256K 	chunk_size: 256M 	num_reg: 10  	lose cover RAM: 5G
[    0.000629]  gran_size: 256K 	chunk_size: 512M 	num_reg: 10  	lose cover RAM: 5G
[    0.000630]  gran_size: 256K 	chunk_size: 1G 	num_reg: 10  	lose cover RAM: 5G
[    0.000631]  gran_size: 256K 	chunk_size: 2G 	num_reg: 10  	lose cover RAM: 5G
[    0.000632]  gran_size: 512K 	chunk_size: 512K 	num_reg: 10  	lose cover RAM: 6G
[    0.000633]  gran_size: 512K 	chunk_size: 1M 	num_reg: 10  	lose cover RAM: 6G
[    0.000635]  gran_size: 512K 	chunk_size: 2M 	num_reg: 10  	lose co_size: 2M 	chunk_size: 512M 	num_reg: 10  	lose cover RAM: 5G
[    0.000671]  gran_size: 2M 	chunk_size: 1G 	num_reg: 10  	lose cover RAM: 5G
[    0.000672]  gran_size: 2M 	chunk_size: 2G 	num_reg: 10  	lose cover RAM: 5G
[    0.000673]  gran_size: 4M 	chunk_size: 4M 	num_reg: 10  	lose cover RAM: 6G
[    0.000674]  gran_size: 4M 	chunk_size: 8M 	num_reg: 10  	lose cover RAM: 6G
[    0.000675]  gran_size: 4M 	chunk_size: 16M 	num_reg: 10  	lose cover RAM: 5888M
[    0.000676]  gran_size: 4M 	chunk_size: 32M 	num_reg: 10  	lose cover RAM: 5888M
[    0.000677]  gran_size: 4M 	chunk_size: 64M 	num_reg: 10  	lose cover RAM: 5888M
[    0.000678]  gran_size: 4M 	chunk_size: 128M 	num_reg: 10  	lose cover RAM: 5888M
[    0.000679]  gran_size: 4M 	chunk_size: 256M 	num_reg: 10  	lose cover RAM: 5G
[    0.000681]  gran_size: 4M 	chunk_size: 512M 	num_reg: 10  	lose cover RAM: 5G
[    0.000682]  gran_size: 4M 	chunk_size: 1G 	num_reg: 10  	lose cover RAM: 5G
[    0.000683]  gran_size: 4M 	chunk_size: 2G 	num_reg: 10  	lose cover RAM: 5G
[    0.000684]  gran_size: 8M 	chunk_size: 8M 	num_reg: 10  	lose cover RAM: 6G
[    0.000685]  gran_size: 8M 	chunk_size: 16M 	num_reg: 10  	lose cover RAM: 5888M
[    0.000686]  gran_size: 8M 	chunk_size: 32M 	num_reg: 10  	lose cover RAM: 5888M
[    0.000687]  gran_size: 8M 	chunk_size: 64M 	num_reg: 10  	lose cover RAM: 5888M
[    0.000688]  gran_size: 8M 	chunk_size: 128M 	num_reg: 10  	lose cover RAM: 5888M
[    0.000690]  gran_size: 8M 	chunk_size: 256M 	num_reg: 10  	lose cover RAM: 5G
[    0.000691]  gran_size: 8M 	chunk_size: 512M 	num_reg: 10  	lose cover RAM: 5G
[    0.000692]  gran_size: 8M 	chunk_size: 1G 	num_reg: 10  	lose cover RAM: 5G
[    0.000693]  gran_size: 8M 	chunk_size: 2G 	num_reg: 10  	lose cover RAM: 5G
[    0.000694]  gran_size: 16M 	chunk_size: 16M 	num_reg: 10  	lose cover RAM: 6G
[    0.000695]  gran_size: 16M 	chunk_size: 32M 	num_reg: 10  	lose cover RAM: 5896M
[    0.000696]  gran_size: 16M 	chunk_size: 64M 	num_reg: 10  	lose cover RAM: 5896M
[    0.000697]  gran_size: 16M 	chunk_size: 128M 	num_reg: 10  	lose cover RAM: 5896M
[    0.000699]  gran_size: 16M 	chunk_size: 256M 	num_reg: 10  	lose cover RAM: 5128M
[    0.000700]  gran_size: 16M 	chunk_size: 512M 	num_reg: 10  	lose cover RAM: 5128M
[    0.000701]  gran_size: 16M 	chunk_size: 1G 	num_reg: 10  	lose cover RAM: 5128M
[    0.000702]  gran_size: 16M 	chunk_size: 2G 	num_reg: 10  	lose cover RAM: 5128M
[    0.000703]  gran_size: 32M 	chunk_size: 32M 	num_reg: 10  	lose cover RAM: 6G
[    0.000704]  gran_size: 32M 	chunk_size: 64M 	num_reg: 10  	lose cover RAM: 5912M
[    0.000705]  gran_size: 32M 	chunk_size: 128M 	num_reg: 10  	lose cover RAM: 5912M
[    0.000707]  gran_size: 32M 	chunk_size: 256M 	num_reg: 10  	lose cover RAM: 5144M
[    0.000708]  gran_size: 32M 	chunk_size: 512M 	num_reg: 10  	lose cover RAM: 5144M
[    0.000709]  gran_size: 32M 	chunk_size: 1G 	num_reg: 10  	lose cover RAM: 5144M
[    0.000710]  gran_size: 32M 	chunk_size: 2G 	num_reg: 10  	lose cover RAM: 5144M
[    0.000711]  gran_size: 64M 	chunk_size: 64M 	num_reg: 10  	lose cover RAM: 6G
[    0.000712]  gran_size: 64M 	chunk_size: 128M 	num_reg: 10  	lose cover RAM: 5944M
[    0.000713]  gran_size: 64M 	chunk_size: 256M 	num_reg: 10  	lose cover RAM: 5176M
[    0.000714]  gran_size: 64M 	chunk_size: 512M 	num_reg: 10  	lose cover RAM: 5176M
[    0.000716]  gran_size: 64M 	chunk_size: 1G 	num_reg: 10  	lose cover RAM: 5176M
[    0.000717]  gran_size: 64M 	chunk_size: 2G 	num_reg: 10  	lose cover RAM: 5176M
[    0.000718]  gran_size: 128M 	chunk_size: 128M 	num_reg: 10  	lose cover RAM: 6200M
[    0.000719]  gran_size: 128M 	chunk_size: 256M 	num_reg: 10  	lose cover RAM: 5240M
[    0.000720]  gran_size: 128M 	chunk_size: 512M 	num_reg: 10  	lose cover RAM: 5240M
[    0.000721]  gran_size: 128M 	chunk_size: 1G 	num_reg: 10  	lose cover RAM: 5240M
[    0.00072t[0x1])
[    0.034212] ACPI: LAPIC_NMI (acpi_id[0x07] high edge lint[0x1])
[    0.034212] ACPI: LAPIC_NMI (acpi_id[0x08] high edge lint[0x1])
[    0.034213] ACPI: LAPIC_NMI (acpi_id[0x09] high edge lint[0x1])
[    0.034214] ACPI: LAPIC_NMI (acpi_id[0x0a] high edge lint[0x1])
[    0.034214] ACPI: LAPIC_NMI (acpi_id[0x0b] high edge lint[0x1])
[    0.034215] ACPI: LAPIC_NMI (acpi_id[0x0c] high edge lint[0x1])
[    0.034215] ACPI: LAPIC_NMI (acpi_id[0x0d] high edge lint[0x1])
[    0.034216] ACPI: LAPIC_NMI (acpi_id[0x0e] high edge lint[0x1])
[    0.034217] ACPI: LAPIC_NMI (acpi_id[0x0f] high edge lint[0x1])
[    0.034217] ACPI: LAPIC_NMI (acpi_id[0x10] high edge lint[0x1])
[    0.034218] ACPI: LAPIC_NMI (acpi_id[0x11] high edge lint[0x1])
[    0.034219] ACPI: LAPIC_NMI (acpi_id[0x12] high edge lint[0x1])
[    0.034220] ACPI: LAPIC_NMI (acpi_id[0x13] high edge lint[0x1])
[    0.034221] ACPI: LAPIC_NMI (acpi_id[0x14] high edge lint[0x1])
[    0.034221] ACPI: LAPIC_NMI (acpi_id[0x15] high edge lint[0x1])
[    0.034222] ACPI: LAPIC_NMI (acpi_id[0x16] high edge lint[0x1])
[    0.034223] ACPI: LAPIC_NMI (acpi_id[0x17] high edge lint[0x1])
[    0.034223] ACPI: LAPIC_NMI (acpi_id[0x00] high edge lint[0x1])
[    0.034261] IOAPIC[0]: apic_id 2, version 32, address 0xfec00000, GSI 0-119
[    0.034264] ACPI: INT_SRC_OVR (bus 0 bus_irq 0 global_irq 2 dfl dfl)
[    0.034266] ACPI: INT_SRC_OVR (bus 0 bus_irq 9 global_irq 9 high level)
[    0.034270] ACPI: Using ACPI (MADT) for SMP configuration information
[    0.034271] ACPI: HPET id: 0x8086a201 base: 0xfed00000
[    0.034295] TSC deadline timer available
[    0.034299] CPU topo: Max. logical packages:   1
[    0.034300] CPU topo: Max. logical dies:       1
[    0.034300] CPU topo: Max. dies per package:   1
[    0.034304] CPU topo: Max. threads per core:   1
[    0.034305] CPU topo: Num. cores per package:     4
[    0.034305] CPU topo: Num. threads per package:   4
[    0.034306] CPU topo: Allowing 4 present CPUs plus 0 hotplug CPUs
[    0.034327] PM: hibernation: Registered nosave memory: [mem 0x00000000-0x00000fff]
[    0.034329] PM: hibernation: Registered nosave memory: [mem 0x0009e000-0x0009efff]
[    0.034331] PM: hibernation: Registered nosave memory: [mem 0x000a0000-0x000fffff]
[    0.034332] PM: hibernation: Registered nosave memory: [mem 0x3a757000-0x3a757fff]
[    0.034334] PM: hibernation: Registered nosave memory: [mem 0x3b193000-0x3b193fff]
[    0.034336] PM: hibernation: Registered nosave memory: [mem 0x6921c000-0x69335fff]
[    0.034337] PM: hibernation: Registered nosave memory: [mem 0x6a546000-0x6a546fff]
[    0.034339] PM: hibernation: Registered nosave memory: [mem 0x6e0d1000-0x71ffefff]
[    0.034340] PM: hibernation: Registered nosave memory: [mem 0x72000000-0xffffffff]
[    0.034342] [mem 0x80800000-0xfdffffff] available for PCI devices
[    0.034343] Booting paravirtualized kernel on bare hardware
[    0.034346] clocksource: refined-jiffies: mask: 0xffffffff max_cycles: 0xffffffff, max_idle_ns: 1910969940391419 ns
[    0.034354] setup_percpu: NR_CPUS:8192 nr_cpumask_bits:4 nr_cpu_ids:4 nr_node_ids:1
[    0.034637] percpu: Embedded 88 pages/cpu s237568 r8192 d114688 u524288
[    0.034667] Kernel command line: BOOT_IMAGE=/boot/vmlinuz-6.14.0-32-generic root=UUID=c79413da-f42c-4e0a-b210-3b3bf47bd123 ro console=ttyS0,115200n8
[    0.034717] Unknown kernel command line parameters "BOOT_IMAGE=/boot/vmlinuz-6.14.0-32-generic", will be passed to user space.
[    0.034730] random: crng init done
[    0.034731] printk: log buffer data + meta data: 262144 + 917504 = 1179648 bytes
[    0.035524] Dentry cache hash table entries: 1048576 (order: 11, 8388608 bytes, linear)
[    0.035936] Inode-cache hash table entries: 524288 (order: 10, 4194304 bytes, linear)
[    0.035993] Fallback order for Node 0: 0 
[    0.035996] Built 1 zonelists, mobility grouping on.  Total pages: 2021486
[    0.035997] Pol
[    3.215202] ACPI: \_TZ_.FN00: New power resource
[    3.215284] ACPI: \_TZ_.FN01: New power resource
[    3.216281] ACPI: \_TZ_.FN02: New power resource
[    3.217302] ACPI: \_TZ_.FN03: New power resource
[    3.218281] ACPI: \_TZ_.FN04: New power resource
[    3.219926] ACPI: \PIN_: New power resource
[    3.220573] ACPI: PCI Root Bridge [PC00] (domain 0000 [bus 00-fe])
[    3.221235] acpi PNP0A08:00: _OSC: OS supports [ExtendedConfig ASPM ClockPM Segments MSI EDR HPX-Type3]
[    3.222444] acpi PNP0A08:00: _OSC: platform does not support [PCIeHotplug SHPCHotplug PME AER]
[    3.223652] acpi PNP0A08:00: _OSC: OS now controls [PCIeCapability LTR DPC]
[    3.224213] acpi PNP0A08:00: FADT indicates ASPM is unsupported, using BIOS configuration
[    3.230269] PCI host bridge to bus 0000:00
[    3.231216] pci_bus 0000:00: root bus resource [io  0x0000-0x0cf7 window]
[    3.232220] pci_bus 0000:00: root bus resource [io  0x0d00-0xffff window]
[    3.233213] pci_bus 0000:00: root bus resource [mem 0x000a0000-0x000bffff window]
[    3.234213] pci_bus 0000:00: root bus resource [mem 0x000e0000-0x000fffff window]
[    3.235212] pci_bus 0000:00: root bus resource [mem 0x80800000-0xbfffffff window]
[    3.236219] pci_bus 0000:00: root bus resource [mem 0x4000000000-0x7fffffffff window]
[    3.237213] pci_bus 0000:00: root bus resource [bus 00-fe]
[    3.238246] pci 0000:00:00.0: [8086:461c] type 00 class 0x060000 conventional PCI endpoint
[    3.239364] pci 0000:00:02.0: [8086:46d1] type 00 class 0x030000 PCIe Root Complex Integrated Endpoint
[    3.240228] pci 0000:00:02.0: BAR 0 [mem 0x6000000000-0x6000ffffff 64bit]
[    3.241213] pci 0000:00:02.0: BAR 2 [mem 0x4000000000-0x400fffffff 64bit pref]
[    3.242213] pci 0000:00:02.0: BAR 4 [io  0x4000-0x403f]
[    3.243230] pci 0000:00:02.0: DMAR: Skip IOMMU disabling for graphics
[    3.244214] pci 0000:00:02.0: Video device with shadowed ROM at [mem 0x000c0000-0x000dffff]
[    3.245241] pci 0000:00:02.0: VF BAR 0 [mem 0x00000000-0x00ffffff 64bit]
[    3.246212] pci 0000:00:02.0: VF BAR 0 [mem 0x00000000-0x06ffffff 64bit]: contains BAR 0 for 7 VFs
[    3.247213] pci 0000:00:02.0: VF BAR 2 [mem 0x00000000-0x1fffffff 64bit pref]
[    3.248212] pci 0000:00:02.0: VF BAR 2 [mem 0x00000000-0xdfffffff 64bit pref]: contains BAR 2 for 7 VFs
[    3.249412] pci 0000:00:0a.0: [8086:467d] type 00 class 0x118000 PCIe Root Complex Integrated Endpoint
[    3.250228] pci 0000:00:0a.0: BAR 0 [mem 0x6001120000-0x6001127fff 64bit]
[    3.251218] pci 0000:00:0a.0: enabling Extended Tags
[    3.252308] pci 0000:00:0d.0: [8086:464e] type 00 class 0x0c0330 conventional PCI endpoint
[    3.253235] pci 0000:00:0d.0: BAR 0 [mem 0x6001110000-0x600111ffff 64bit]
[    3.254243] pci 0000:00:0d.0: PME# supported from D3hot D3cold
[    3.258181] pci 0000:00:14.0: [8086:54ed] type 00 class 0x0c0330 conventional PCI endpoint
[    3.258260] pci 0000:00:14.0: BAR 0 [mem 0x6001100000-0x600110ffff 64bit]
[    3.259265] pci 0000:00:14.0: PME# supported from D3hot D3cold
[    3.263156] pci 0000:00:14.2: [8086:54ef] type 00 class 0x050000 conventional PCI endpoint
[    3.263261] pci 0000:00:14.2: BAR 0 [mem 0x6001134000-0x6001137fff 64bit]
[    3.264215] pci 0000:00:14.2: BAR 2 [mem 0x6001140000-0x6001140fff 64bit]
[    3.265323] pci 0000:00:15.0: [8086:54e8] type 00 class 0x0c8000 conventional PCI endpoint
[    3.266264] pci 0000:00:15.0: BAR 0 [mem 0x00000000-0x00000fff 64bit]
[    3.277543] pci 0000:00:15.2: [8086:54ea] type 00 class 0x0c8000 conventional PCI endpoint
[    3.278263] pci 0000:00:15.2: BAR 0 [mem 0x00000000-0x00000fff 64bit]
[    3.289527] pci 0000:00:15.3: [8086:54eb] type 00 class 0x0c8000 conventional PCI endpoint
[    3.290266] pci 0000:00:15.3: Bx80800000-0xbfffffff window]
[    3.864316] pci_bus 0000:00: resource 9 [mem 0x4000000000-0x7fffffffff window]
[    3.871616] pci_bus 0000:01: resource 1 [mem 0x80900000-0x809fffff]
[    3.877946] pci_bus 0000:02: resource 0 [io  0x3000-0x3fff]
[    3.883580] pci_bus 0000:02: resource 1 [mem 0x80800000-0x808fffff]
[    3.890506] PCI: CLS 64 bytes, default 64
[    3.894612] DMAR: No ATSR found
[    3.894660] Trying to unpack rootfs image as initramfs...
[    3.897807] DMAR: No SATC found
[    3.897808] DMAR: dmar0: Using Queued invalidation
[    3.897812] DMAR: dmar1: Using Queued invalidation
[    3.897940] pci 0000:00:02.0: Adding to iommu group 0
[    3.922153] pci 0000:00:00.0: Adding to iommu group 1
[    3.927308] pci 0000:00:0a.0: Adding to iommu group 2
[    3.932448] pci 0000:00:0d.0: Adding to iommu group 3
[    3.937589] pci 0000:00:14.0: Adding to iommu group 4
[    3.942726] pci 0000:00:14.2: Adding to iommu group 4
[    3.947868] pci 0000:00:15.0: Adding to iommu group 5
[    3.953001] pci 0000:00:15.2: Adding to iommu group 5
[    3.958133] pci 0000:00:15.3: Adding to iommu group 5
[    3.963270] pci 0000:00:16.0: Adding to iommu group 6
[    3.968410] pci 0000:00:19.0: Adding to iommu group 7
[    3.973545] pci 0000:00:19.1: Adding to iommu group 7
[    3.978681] pci 0000:00:1a.0: Adding to iommu group 8
[    3.983823] pci 0000:00:1c.0: Adding to iommu group 9
[    3.988963] pci 0000:00:1c.6: Adding to iommu group 10
[    3.994221] pci 0000:00:1f.0: Adding to iommu group 11
[    3.999305] Freeing initrd memory: 71076K
[    3.999455] pci 0000:00:1f.3: Adding to iommu group 11
[    4.008703] pci 0000:00:1f.4: Adding to iommu group 11
[    4.013912] pci 0000:00:1f.5: Adding to iommu group 11
[    4.019135] pci 0000:01:00.0: Adding to iommu group 12
[    4.024349] pci 0000:02:00.0: Adding to iommu group 13
[    4.030264] DMAR: Intel(R) Virtualization Technology for Directed I/O
[    4.036787] PCI-DMA: Using software bounce buffering for IO (SWIOTLB)
[    4.043306] software IO TLB: mapped [mem 0x0000000060a0c000-0x0000000064a0c000] (64MB)
[    4.051497] clocksource: tsc: mask: 0xffffffffffffffff max_cycles: 0xb9fb05486c, max_idle_ns: 440795231721 ns
[    4.061515] clocksource: Switched to clocksource tsc
[    4.066573] platform rtc_cmos: registered platform RTC device (no PNP device found)
[    4.082447] Initialise system trusted keyrings
[    4.086965] Key type blacklist registered
[    4.091084] workingset: timestamp_bits=36 max_order=21 bucket_order=0
[    4.097608] zbud: loaded
[    4.100426] squashfs: version 4.0 (2009/01/31) Phillip Lougher
[    4.106409] fuse: init (API version 7.42)
[    4.110598] integrity: Platform Keyring initialized
[    4.115547] integrity: Machine keyring initialized
[    4.130346] Key type asymmetric registered
[    4.134506] Asymmetric key parser 'x509' registered
[    4.139456] Block layer SCSI generic (bsg) driver version 0.4 loaded (major 243)
[    4.146975] io scheduler mq-deadline registered
[    4.151692] ledtrig-cpu: registered to indicate ac[    4.946879] Loaded X.509 cert 'Canonical Ltd. Secure Boot Signing (2021 v2): 4cf046892d6fd3c9a5b03f98d845f90851dc6a8c'
[    4.957688] Loaded X.509 cert 'Canonical Ltd. Secure Boot Signing (2021 v3): 100437bb6de6e469b581e61cd66bce3ef4ed53af'
[    4.968490] Loaded X.509 cert 'Canonical Ltd. Secure Boot Signing (Ubuntu Core 2019): c1d57b8f6b743f23ee41f4f7ee292f06eecadfb9'
[    4.980183] usb 3-1: device descriptor read/64, error -71
[    4.985727] Demotion targets for Node 0: null
[    4.990295] Key type .fscrypt registered
[    4.994276] Key type fscrypt-provisioning registered
[    4.999348] Key type trusted registered
[    5.013790] Key type encrypted registered
[    5.017887] AppArmor: AppArmor sha256 policy hashing enabled
[    5.023866] Loading compiled-in module X.509 certificates
[    5.029811] Loaded X.509 cert 'Build time autogenerated kernel key: e068e01b81b1bfef8990f6ae8592b26d1458b381'
[    5.039817] ima: Allocated hash algorithm: sha256
[    5.079794] ima: No architecture policies found
[    5.084429] evm: Initialising EVM extended attributes:
[    5.089632] evm: security.selinux
[    5.093008] evm: security.SMACK64
[    5.096368] evm: security.SMACK64EXEC
[    5.100083] evm: security.SMACK64TRANSMUTE
[    5.104235] evm: security.SMACK64MMAP
[    5.107957] evm: security.apparmor
[    5.111406] evm: security.ima
[    5.114419] evm: security.capability
[    5.118045] evm: HMAC attrs: 0x1
[    5.121610] PM:   Magic number: 1:82:981
[    5.128502] RAS: Correctable Errors collector initialized.
[    5.140541] clk: Disabling unused clocks
[    5.144534] PM: genpd: Disabling unused power domains
[    5.151177] Freeing unused decrypted memory: 2028K
[    5.156849] Freeing unused kernel image (initmem) memory: 5140K
[    5.162856] Write protecting the kernel read-only data: 38912k
[    5.169342] Freeing unused kernel image (text/rodata gap) memory: 1076K
[    5.176379] Freeing unused kernel image (rodata/data gap) memory: 1324K
[    5.206288] usb 3-1: device descriptor read/64, error -71
[    5.216071] x86/mm: Checked W+X mappings: passed, no W+X pages found.
[    5.222598] Run /init as init process
Loading, please wait...
Starting systemd-udevd version 255.4-1ubuntu8.10
[ -> 0006)
[    5.513314] idma64 idma64.4: Found Intel integrated DMA 64-bit
[    5.570543] usb 3-1: device descriptor read/64, error -71
[    5.586820] nvme nvme0: 4/0/0 default/read/poll queues
[    5.608254] r8169 0000:02:00.0 enp2s0: renamed from eth0
[    5.616545] sdhci-pci 0000:00:1a.0: SDHCI controller found [8086:54c4] (rev 0)
[    5.624408] mmc0: CQHCI version 5.10
[    5.628253] mmc0: SDHCI controller on PCI [0000:00:1a.0] using ADMA 64-bit
[    5.736714] mmc0: Command Queue Engine enabled
[    5.741260] mmc0: new HS400 Enhanced strobe MMC card at address 0001
[    5.755726] mmcblk0: mmc0:0001 CUTA42 58.2 GiB
[    5.762890]  mmcblk0: p1 p2
[    5.766168] mmcblk0boot0: mmc0:0001 CUTA42 4.00 MiB
[    5.771781] mmcblk0boot1: mmc0:0001 CUTA42 4.00 MiB
[    5.777037] mmcblk0rpmb: mmc0:0001 CUTA42 16.0 MiB, chardev (239:0)
[    5.799443] usb 3-1: device descriptor read/64, error -71
[    5.910661] usb usb3-port1: attempt power cycle
[    6.297414] usb 3-1: new full-speed USB device number 4 using xhci_hcd
[    6.304296] usb 3-1: Device not responding to setup address.
[    6.510650] usb 3-1: Device not responding to setup address.
[    6.718438] usb 3-1: device not accepting address 4, error -71
[    6.724464] usb 3-1: WARN: invalid context state for evaluate context command.
[    6.843412] usb 3-1: new full-speed USB device number 5 using xhci_hcd
[    6.850276] usb 3-1: Device not responding to setup address.
[    7.062678] usb 3-1: Device not responding to setup address.
[    7.270402] usb 3-1: device not accepting address 5, error -71
[    7.276407] usb 3-1: WARN: invalid context state for evaluate context command.
[    7.283767] usb usb3-port1: unable to enumerate USB device
Begin: Loading essential drivers ... done.
Begin: Running /scripts/init-premount ... done.
Begin: Mounting root file system ... Begin: Running /scripts/local-top ... done.
Begin: Running /scripts/local-premount ... done.
Begin: Will now check root file system ... fsck from util-linux 2.39.3
[/usr/sbin/fsck.ext4 (1) -- /dev/mmcblk0p2] fsck.ext4 -a -C0 /dev/mmcblk0p2 
/dev/mmcblk0p2: clean, 234506/3751936 files, 6313828/14992128 blocks
done.
[    7.375754] EXT4-fs (mmcblk0p2): mounted filesystem c79413da-f42c-4e0a-b210-3b3bf47bd123 ro with ordered data mode. Quota mode: none.
done.
Begin: Running /scripts/local-bottom ... done.
Begin: Running /scripts/init-bottom ... done.
[    7.564698] systemd[1]: Inserted module 'autofs4'
[    7.603953] systemd[1]: systemd 255.4-1ubuntu8.10 running in system mode (+PAM +AUDIT +SELINUX +APPARMOR +IMA +SMACK +SECCOMP +GCRYPT -GNUTLS +OPENSSL +ACL +BLKID +CURL +ELFUTILS +FIDO2 +IDN2 -IDN +IPTC +KMOD +LIBCRYPTSETUP +LIBFDISK +PCRE2 -PWQUALITY +P11KIT +QRENCODE +TPM2 +BZIP2 +LZ4 +XZ +ZLIB +ZSTD -BPF_FRAMEWORK -XKBCOMMON +UTMP +SYSVINIT default-hierarchy=unified)
[    7.636928] systemd[1]: Detected architecture x86-64.

Welcome to [    7.889740] systemd[1]: Queued start job for default target graphical.target.
[    7.919845] systemd[1]: Created slice system-modprobe.slice - Slice /system/modprobe.
[.target - Slice Units.
[emd-udevd-kernel.socket - udev Kernel Socket.
[temd[1]: Mounting dev-hugepages.mount - Huge Pages File System...
         Mounting  8.522565] systemd[1]: Starting modprobe@drm.service - Load Kernel Module drm...
         Starting Started systemd-journald.service - Journal Service.
[    8.714977] ppdev: user-space parallel port driver
md-udev-trigger.service         Activating swap emd-tmpfiles-setup-deÔÇª         Mounting ÔÇª unit for firefox, revision 6836...
         Mounting          Mounting          Mounting          Mounting [ttyS0.device[[mapparmor.service         Starting [         Mounting 0;1;39msystemd-timesyncd.service[[[cket0m - Authorization Manager...
         Starting 0;1;39mcron.servicem  OK  ing t.service         Starting [         Starting [[         Starting          Starting [[lice edated.service[         Starting [         Starting [         Starting [
Ubuntu 24.04.3 LTS sona-lp-n100-8gb ttyS0

sona-lp-n100-8gb login: 
-----------------------------------------------
Date: 2025-11-22 - 10:57:57
End log file
